// Jest Snapshot v1, https://goo.gl/fbAQLP

exports[`Pruebas GifGridItem Debe mostrar <GifGridItem/> correctamente 1`] = `
<div
  className="card animate__animated animate__fadeIn"
>
  <img
    alt="Título"
    src="https://localhost/imagen.jpg"
  />
  <p>
    Título
  </p>
</div>
`;
